<?xml version="1.0" encoding="GB2312" ?>
<Map Size_x="800" Size_y="1200">
	<Tile>
		<Item Size_x="800" Size_y="1200" Pic="\image\地图\失落的村庄\密道04.bmp" Pic_right="240" Pic_bottom="416"/>
	</Tile>
	<Anim>
		<Item Pos_x="747" Pos_y="936" Size_x="53" Size_y="172" Pic="\image\地图\失落的村庄\密道04墙壁.bmp" Pic_right="16" Pic_bottom="60" Obst="1" Id="1" Damage="3" Effect="墙壁破坏01" Sound="\sound\特效\破裂01.wav" Script="\data\脚本\破坏墙壁\村庄密道4.lua"/>
		<Item Pos_x="321" Pos_y="301" Size_x="80" Size_y="72" Pic="\image\地图\动画\宝箱.bmp" Pic_right="36" Pic_bottom="36" ColorKey="0x546D8E" Flip="1" Frames="4" Fps="10" Id="2" Type="8" Effect="打开宝箱" Sound="\sound\场景\宝箱01.wav" Script="\data\脚本\开启宝箱\普通宝箱.lua" TaskId="14" Item="钱袋200"/>
		<Item Pos_x="319" Pos_y="670" Size_x="80" Size_y="72" Pic="\image\地图\动画\宝箱.bmp" Pic_right="36" Pic_bottom="36" ColorKey="0x546D8E" Flip="1" Frames="4" Fps="10" Id="3" Type="8" Effect="打开宝箱" Sound="\sound\场景\宝箱01.wav" Script="\data\脚本\开启宝箱\普通宝箱.lua" TaskId="15" Item="钱袋300"/>
	</Anim>
	<Obst>
		<Item Pos_x="321" Size_x="480" Size_y="37" Obst="1"/>
		<Item Size_x="321" Size_y="831" Obst="1"/>
		<Item Pos_x="746" Pos_y="38" Size_x="54" Size_y="208" Obst="1"/>
		<Item Pos_x="746" Pos_y="414" Size_x="54" Size_y="522" Obst="1"/>
		<Item Pos_y="1015" Size_x="322" Size_y="185" Obst="1"/>
		<Item Pos_x="320" Pos_y="368" Size_x="213" Size_y="94" Obst="1"/>
		<Item Pos_x="478" Pos_y="37" Size_x="56" Size_y="162" Obst="1"/>
		<Item Pos_x="480" Pos_y="326" Size_x="52" Size_y="42" Obst="1"/>
		<Item Pos_x="636" Pos_y="138" Size_x="106" Size_y="24" Obst="2"/>
		<Item Pos_x="637" Pos_y="276" Size_x="106" Size_y="24" Obst="2"/>
		<Item Pos_x="637" Pos_y="414" Size_x="106" Size_y="24" Obst="2"/>
		<Item Pos_x="637" Pos_y="554" Size_x="106" Size_y="24" Obst="2"/>
		<Item Pos_x="637" Pos_y="692" Size_x="106" Size_y="24" Obst="2"/>
		<Item Pos_x="637" Pos_y="830" Size_x="106" Size_y="24" Obst="2"/>
		<Item Pos_x="637" Pos_y="968" Size_x="106" Size_y="24" Obst="2"/>
		<Item Pos_x="321" Pos_y="738" Size_x="106" Size_y="93" Obst="1"/>
		<Item Pos_x="323" Pos_y="1108" Size_x="478" Size_y="92" Obst="1"/>
		<Item Pos_x="322" Pos_y="1015" Size_x="208" Size_y="93" Obst="4"/>
	</Obst>
	<Trap>
		<Item Pos_x="793" Pos_y="248" Size_x="60" Size_y="164" Id="1" Map="失落的村庄传送" MapPos_y="400"/>
		<Item Pos_x="-53" Pos_y="832" Size_x="60" Size_y="182" Id="2" Map="失落的村庄密道3" MapPos_x="800" MapPos_y="400"/>
		<Item Pos_x="795" Pos_y="938" Size_x="59" Size_y="168" Id="3" Map="失落的村庄密道5" MapPos_y="400"/>
	</Trap>
	<Char/>
</Map>
