<?xml version="1.0" encoding="GB2312" ?>
<Map Size_x="800" Size_y="600">
	<Tile>
		<Item Size_x="800" Size_y="600" Color0="0xFF000000" Color1="0xFF000000" Color2="0xFF000000" Color3="0xFF000000"/>
		<Item Pos_x="544" Pos_y="476" Size_x="256" Size_y="124" Pic="\Image\地图\大理石廊下\摆钟廊\墙面01-1.bmp" Pic_right="128" Pic_bottom="128" ColorKey="0xFF00FF" Tile="1"/>
		<Item Pos_y="476" Size_x="256" Size_y="124" Pic="\Image\地图\大理石廊下\摆钟廊\墙面01-1.bmp" Pic_right="128" Pic_bottom="128" ColorKey="0xFF00FF" Tile="1"/>
		<Item Pos_y="428" Size_x="256" Size_y="142" Pic="\Image\地图\大理石廊下\摆钟廊\墙面12-1.bmp" Pic_right="128" Pic_bottom="142" ColorKey="0xFF00FF" Tile="1" Obst="1"/>
		<Item Pos_x="64" Pos_y="364" Size_x="128" Size_y="142" Pic="\Image\地图\大理石廊下\摆钟廊\墙面12-1.bmp" Pic_right="128" Pic_bottom="142" ColorKey="0xFF00FF" Tile="1" Obst="1"/>
		<Item Pos_x="544" Pos_y="428" Size_x="256" Size_y="142" Pic="\Image\地图\大理石廊下\摆钟廊\墙面12-2.bmp" Pic_right="128" Pic_bottom="142" ColorKey="0xFF00FF" Tile="1" Obst="1"/>
		<Item Size_x="256" Size_y="123" Pic="\Image\地图\大理石廊下\摆钟廊\墙面01-2.bmp" Pic_right="128" Pic_bottom="128" ColorKey="0xFF00FF" Tile="1" Flip="2"/>
		<Item Pos_y="28" Size_x="256" Size_y="142" Pic="\Image\地图\大理石廊下\摆钟廊\墙面12-3.bmp" Pic_right="128" Pic_bottom="142" ColorKey="0xFF00FF" Tile="1" Obst="1"/>
		<Item Pos_y="364" Size_x="128" Size_y="142" Pic="\Image\地图\大理石廊下\摆钟廊\墙面12-2.bmp" Pic_right="128" Pic_bottom="142" ColorKey="0xFF00FF" Tile="1" Obst="1"/>
		<Item Pos_x="544" Size_x="256" Size_y="123" Pic="\Image\地图\大理石廊下\摆钟廊\墙面01-2.bmp" Pic_right="128" Pic_bottom="128" ColorKey="0xFF00FF" Tile="1" Flip="2"/>
		<Item Pos_x="608" Pos_y="364" Size_x="128" Size_y="142" Pic="\Image\地图\大理石廊下\摆钟廊\墙面12-2.bmp" Pic_right="128" Pic_bottom="142" ColorKey="0xFF00FF" Tile="1" Obst="1"/>
		<Item Pos_y="92" Size_x="128" Size_y="142" Pic="\Image\地图\大理石廊下\摆钟廊\墙面12-4.bmp" Pic_right="128" Pic_bottom="142" ColorKey="0xFF00FF" Tile="1" Obst="1"/>
		<Item Pos_x="736" Pos_y="364" Size_x="64" Size_y="142" Pic="\Image\地图\大理石廊下\摆钟廊\墙面12-1.bmp" Pic_right="128" Pic_bottom="142" ColorKey="0xFF00FF" Tile="1" Obst="1"/>
		<Item Pos_x="64" Pos_y="92" Size_x="128" Size_y="142" Pic="\Image\地图\大理石廊下\摆钟廊\墙面12-3.bmp" Pic_right="128" Pic_bottom="142" ColorKey="0xFF00FF" Tile="1" Obst="1"/>
		<Item Pos_x="544" Pos_y="28" Size_x="256" Size_y="142" Pic="\Image\地图\大理石廊下\摆钟廊\墙面12-4.bmp" Pic_right="128" Pic_bottom="142" ColorKey="0xFF00FF" Tile="1" Obst="1"/>
		<Item Pos_x="608" Pos_y="92" Size_x="128" Size_y="142" Pic="\Image\地图\大理石廊下\摆钟廊\墙面12-4.bmp" Pic_right="128" Pic_bottom="142" ColorKey="0xFF00FF" Tile="1" Obst="1"/>
		<Item Pos_x="736" Pos_y="92" Size_x="64" Size_y="142" Pic="\Image\地图\大理石廊下\摆钟廊\墙面12-3.bmp" Pic_right="128" Pic_bottom="142" ColorKey="0xFF00FF" Tile="1" Obst="1"/>
		<Item Pos_x="258" Size_x="284" Size_y="170" Pic="\Image\地图\大理石廊下\摆钟廊\墙面06-1.bmp" Pic_right="128" Pic_bottom="128" ColorKey="0xFF00FF" Tile="1" Flip="2" Obst="1"/>
		<Item Pos_x="258" Pos_y="428" Size_x="284" Size_y="172" Pic="\Image\地图\大理石廊下\摆钟廊\墙面06-1.bmp" Pic_right="128" Pic_bottom="128" ColorKey="0xFF00FF" Tile="1" Obst="1"/>
		<Item Pos_x="123" Pos_y="235" Size_x="32" Size_y="32" Pic="\Image\地图\大理石廊下\摆钟廊\背景11-1.bmp" Pic_right="32" Pic_bottom="32" ColorKey="0xFF00FF" Tile="1" Group="1"/>
		<Item Pos_x="123" Pos_y="267" Size_x="32" Size_y="64" Pic="\Image\地图\大理石廊下\摆钟廊\背景11-2.bmp" Pic_right="32" Pic_bottom="32" ColorKey="0xFF00FF" Tile="1" Group="1"/>
		<Item Pos_x="123" Pos_y="331" Size_x="32" Size_y="32" Pic="\Image\地图\大理石廊下\摆钟廊\背景11-3.bmp" Pic_right="32" Pic_bottom="32" ColorKey="0xFF00FF" Tile="1" Group="1"/>
		<Item Pos_x="174" Pos_y="267" Size_x="32" Size_y="32" Pic="\Image\地图\大理石廊下\摆钟廊\背景10-1.bmp" Pic_right="32" Pic_bottom="32" ColorKey="0xFF00FF" Tile="1" Group="2"/>
		<Item Pos_x="206" Pos_y="267" Size_x="32" Size_y="32" Pic="\Image\地图\大理石廊下\摆钟廊\背景10-2.bmp" Pic_right="32" Pic_bottom="32" ColorKey="0xFF00FF" Tile="1" Group="2"/>
		<Item Pos_x="174" Pos_y="299" Size_x="32" Size_y="32" Pic="\Image\地图\大理石廊下\摆钟廊\背景10-3.bmp" Pic_right="32" Pic_bottom="32" ColorKey="0xFF00FF" Tile="1" Group="2"/>
		<Item Pos_x="206" Pos_y="299" Size_x="32" Size_y="32" Pic="\Image\地图\大理石廊下\摆钟廊\背景10-4.bmp" Pic_right="32" Pic_bottom="32" ColorKey="0xFF00FF" Tile="1" Group="2"/>
		<Item Pos_x="320" Pos_y="235" Size_x="32" Size_y="32" Pic="\Image\地图\大理石廊下\摆钟廊\背景10-1.bmp" Pic_right="32" Pic_bottom="32" ColorKey="0xFF00FF" Tile="1" Group="3"/>
		<Item Pos_x="352" Pos_y="235" Size_x="32" Size_y="32" Pic="\Image\地图\大理石廊下\摆钟廊\背景10-2.bmp" Pic_right="32" Pic_bottom="32" ColorKey="0xFF00FF" Tile="1" Group="3"/>
		<Item Pos_x="320" Pos_y="267" Size_x="32" Size_y="64" Pic="\Image\地图\大理石廊下\摆钟廊\背景10-5.bmp" Pic_right="32" Pic_bottom="64" ColorKey="0xFF00FF" Tile="1" Group="3"/>
		<Item Pos_x="352" Pos_y="267" Size_x="32" Size_y="64" Pic="\Image\地图\大理石廊下\摆钟廊\背景10-7.bmp" Pic_right="32" Pic_bottom="64" ColorKey="0xFF00FF" Tile="1" Group="3"/>
		<Item Pos_x="320" Pos_y="331" Size_x="32" Size_y="32" Pic="\Image\地图\大理石廊下\摆钟廊\背景10-3.bmp" Pic_right="32" Pic_bottom="32" ColorKey="0xFF00FF" Tile="1" Group="3"/>
		<Item Pos_x="352" Pos_y="331" Size_x="32" Size_y="32" Pic="\Image\地图\大理石廊下\摆钟廊\背景10-4.bmp" Pic_right="32" Pic_bottom="32" ColorKey="0xFF00FF" Tile="1" Group="3"/>
		<Item Pos_x="416" Pos_y="235" Size_x="32" Size_y="32" Pic="\Image\地图\大理石廊下\摆钟廊\背景10-1.bmp" Pic_right="32" Pic_bottom="32" ColorKey="0xFF00FF" Tile="1" Group="4"/>
		<Item Pos_x="448" Pos_y="235" Size_x="32" Size_y="32" Pic="\Image\地图\大理石廊下\摆钟廊\背景10-2.bmp" Pic_right="32" Pic_bottom="32" ColorKey="0xFF00FF" Tile="1" Group="4"/>
		<Item Pos_x="416" Pos_y="267" Size_x="32" Size_y="64" Pic="\Image\地图\大理石廊下\摆钟廊\背景10-5.bmp" Pic_right="32" Pic_bottom="64" ColorKey="0xFF00FF" Tile="1" Group="4"/>
		<Item Pos_x="448" Pos_y="267" Size_x="32" Size_y="64" Pic="\Image\地图\大理石廊下\摆钟廊\背景10-7.bmp" Pic_right="32" Pic_bottom="64" ColorKey="0xFF00FF" Tile="1" Group="4"/>
		<Item Pos_x="416" Pos_y="331" Size_x="32" Size_y="32" Pic="\Image\地图\大理石廊下\摆钟廊\背景10-3.bmp" Pic_right="32" Pic_bottom="32" ColorKey="0xFF00FF" Tile="1" Group="4"/>
		<Item Pos_x="448" Pos_y="331" Size_x="32" Size_y="32" Pic="\Image\地图\大理石廊下\摆钟廊\背景10-4.bmp" Pic_right="32" Pic_bottom="32" ColorKey="0xFF00FF" Tile="1" Group="4"/>
		<Item Pos_x="337" Pos_y="203" Size_x="128" Size_y="32" Pic="\Image\地图\大理石廊下\摆钟廊\背景11-5.bmp" Pic_right="128" Pic_bottom="32" ColorKey="0xFF00FF" Tile="1"/>
		<Item Pos_x="263" Pos_y="235" Size_x="32" Size_y="32" Pic="\Image\地图\大理石廊下\摆钟廊\背景11-1.bmp" Pic_right="32" Pic_bottom="32" ColorKey="0xFF00FF" Tile="1" Group="5"/>
		<Item Pos_x="263" Pos_y="267" Size_x="32" Size_y="128" Pic="\Image\地图\大理石廊下\摆钟廊\背景11-2.bmp" Pic_right="32" Pic_bottom="32" ColorKey="0xFF00FF" Tile="1" Group="5"/>
		<Item Pos_x="263" Pos_y="395" Size_x="32" Size_y="32" Pic="\Image\地图\大理石廊下\摆钟廊\背景11-3.bmp" Pic_right="32" Pic_bottom="32" ColorKey="0xFF00FF" Tile="1" Group="5"/>
		<Item Pos_x="263" Pos_y="203" Size_x="32" Size_y="32" Pic="\Image\地图\大理石廊下\摆钟廊\背景11-4.bmp" Pic_right="32" Pic_bottom="32" ColorKey="0xFF00FF" Tile="1"/>
		<Item Pos_x="505" Pos_y="235" Size_x="32" Size_y="32" Pic="\Image\地图\大理石廊下\摆钟廊\背景11-1.bmp" Pic_right="32" Pic_bottom="32" ColorKey="0xFF00FF" Tile="1" Group="6"/>
		<Item Pos_x="505" Pos_y="267" Size_x="32" Size_y="128" Pic="\Image\地图\大理石廊下\摆钟廊\背景11-2.bmp" Pic_right="32" Pic_bottom="32" ColorKey="0xFF00FF" Tile="1" Group="6"/>
		<Item Pos_x="505" Pos_y="395" Size_x="32" Size_y="32" Pic="\Image\地图\大理石廊下\摆钟廊\背景11-3.bmp" Pic_right="32" Pic_bottom="32" ColorKey="0xFF00FF" Tile="1" Group="6"/>
		<Item Pos_x="505" Pos_y="203" Size_x="32" Size_y="32" Pic="\Image\地图\大理石廊下\摆钟廊\背景11-4.bmp" Pic_right="32" Pic_bottom="32" ColorKey="0xFF00FF" Tile="1"/>
		<Item Pos_x="562" Pos_y="267" Size_x="32" Size_y="32" Pic="\Image\地图\大理石廊下\摆钟廊\背景10-1.bmp" Pic_right="32" Pic_bottom="32" ColorKey="0xFF00FF" Tile="1" Group="7"/>
		<Item Pos_x="594" Pos_y="267" Size_x="32" Size_y="32" Pic="\Image\地图\大理石廊下\摆钟廊\背景10-2.bmp" Pic_right="32" Pic_bottom="32" ColorKey="0xFF00FF" Tile="1" Group="7"/>
		<Item Pos_x="562" Pos_y="299" Size_x="32" Size_y="32" Pic="\Image\地图\大理石廊下\摆钟廊\背景10-3.bmp" Pic_right="32" Pic_bottom="32" ColorKey="0xFF00FF" Tile="1" Group="7"/>
		<Item Pos_x="594" Pos_y="299" Size_x="32" Size_y="32" Pic="\Image\地图\大理石廊下\摆钟廊\背景10-4.bmp" Pic_right="32" Pic_bottom="32" ColorKey="0xFF00FF" Tile="1" Group="7"/>
		<Item Pos_x="645" Pos_y="235" Size_x="32" Size_y="32" Pic="\Image\地图\大理石廊下\摆钟廊\背景11-1.bmp" Pic_right="32" Pic_bottom="32" ColorKey="0xFF00FF" Tile="1" Group="8"/>
		<Item Pos_x="645" Pos_y="267" Size_x="32" Size_y="64" Pic="\Image\地图\大理石廊下\摆钟廊\背景11-2.bmp" Pic_right="32" Pic_bottom="32" ColorKey="0xFF00FF" Tile="1" Group="8"/>
		<Item Pos_x="645" Pos_y="331" Size_x="32" Size_y="32" Pic="\Image\地图\大理石廊下\摆钟廊\背景11-3.bmp" Pic_right="32" Pic_bottom="32" ColorKey="0xFF00FF" Tile="1" Group="8"/>
	</Tile>
	<Anim>
		<Item Pos_x="360" Pos_y="370" Size_x="68" Size_y="61" Pic="\image\地图\动画\宝箱.bmp" Pic_top="36" Pic_right="36" Pic_bottom="72" ColorKey="0x546D8E" Flip="1" Frames="4" Fps="10" Id="1" Type="8" Effect="打开宝箱" Sound="\sound\场景\宝箱01.wav" Script="\data\脚本\开启宝箱\绿色宝箱.lua" Item="盔甲10" ItemStar="7" TaskId="8"/>
	</Anim>
	<Obst/>
	<Trap>
		<Item Pos_x="795" Pos_y="235" Size_x="40" Size_y="128" Id="1" Map="摆钟廊04" MapPos_y="850"/>
		<Item Pos_x="-36" Pos_y="235" Size_x="40" Size_y="128" Id="2" Map="通往奥洛克之间" MapPos_x="800" MapPos_y="407"/>
	</Trap>
	<Char/>
</Map>
