<?xml version="1.0" encoding="GB2312" ?>
<Map Size_x="3200" Size_y="600">
	<Tile>
		<Item Size_x="1600" Size_y="500" Pic="\Image\地图\地下水脉\水脉通道02-1.bmp" Pic_right="640" Pic_bottom="207"/>
		<Item Pos_x="1600" Size_x="1600" Size_y="500" Pic="\Image\地图\地下水脉\水脉通道02-2.bmp" Pic_right="640" Pic_bottom="207"/>
		<Item Pos_y="500" Size_x="3200" Size_y="100" Color0="0xFF101000" Color1="0xFF101000" Color2="0xFF101000" Color3="0xFF101000"/>
	</Tile>
	<Anim>
		<Item Pos_y="464" Size_x="1600" Size_y="36" Pic="\Image\地图\地下水脉\水脉通道02-1水.bmp" Pic_right="640" Pic_bottom="15" Color0="0x80FFFFFF" Color1="0x80FFFFFF" Color2="0x80FFFFFF" Color3="0x80FFFFFF" Mask="1" Id="1" Type="11"/>
		<Item Pos_x="1600" Pos_y="464" Size_x="162" Size_y="36" Pic="\Image\地图\地下水脉\水脉通道02-2水.bmp" Pic_right="64" Pic_bottom="15" Color0="0x80FFFFFF" Color1="0x80FFFFFF" Color2="0x80FFFFFF" Color3="0x80FFFFFF" Mask="1" Id="2" Type="11"/>
	</Anim>
	<Obst>
		<Item Pos_y="101" Size_x="131" Size_y="87" Obst="1"/>
		<Item Pos_x="320" Pos_y="406" Size_x="80" Size_y="20" Obst="2"/>
		<Item Pos_x="131" Pos_y="75" Size_x="27" Size_y="90" Obst="1"/>
		<Item Pos_x="158" Pos_y="45" Size_x="38" Size_y="90" Obst="1"/>
		<Item Pos_x="197" Pos_y="8" Size_x="71" Size_y="81" Obst="1"/>
		<Item Pos_x="268" Size_x="48" Size_y="59" Obst="1"/>
		<Item Pos_x="317" Size_x="1760" Size_y="36" Obst="1"/>
		<Item Pos_y="328" Size_x="120" Size_y="91" Obst="1"/>
		<Item Pos_x="120" Pos_y="357" Size_x="38" Size_y="143" Obst="1"/>
		<Item Pos_x="120" Pos_y="328" Size_x="37" Size_y="29" Obst="4"/>
		<Item Pos_x="158" Pos_y="483" Size_x="1671" Size_y="17" Obst="1"/>
		<Item Pos_x="1763" Pos_y="360" Size_x="57" Size_y="123" Obst="1"/>
		<Item Pos_x="1683" Pos_y="316" Size_x="88" Size_y="43" Obst="1"/>
		<Item Pos_x="1481" Pos_y="251" Size_x="863" Size_y="66" Obst="1"/>
		<Item Pos_x="1957" Pos_y="199" Size_x="98" Size_y="52" Obst="5"/>
		<Item Pos_x="2057" Pos_y="97" Size_x="95" Size_y="102" Obst="5"/>
		<Item Pos_x="2153" Pos_y="97" Size_x="126" Size_y="153" Obst="1"/>
		<Item Pos_x="2280" Pos_y="97" Size_x="112" Size_y="103" Obst="4"/>
		<Item Pos_x="2346" Pos_y="200" Size_x="48" Size_y="94" Obst="1"/>
		<Item Pos_x="2395" Pos_y="251" Size_x="48" Size_y="59" Obst="1"/>
		<Item Pos_x="2443" Pos_y="251" Size_x="76" Size_y="39" Obst="4"/>
		<Item Pos_x="2445" Pos_y="290" Size_x="116" Size_y="178" Obst="1"/>
		<Item Pos_x="2561" Pos_y="290" Size_x="85" Size_y="83" Obst="4"/>
		<Item Pos_x="2617" Pos_y="444" Size_x="406" Size_y="37" Obst="1"/>
		<Item Pos_x="2918" Pos_y="406" Size_x="72" Size_y="38" Obst="5"/>
		<Item Pos_x="2992" Pos_y="406" Size_x="87" Size_y="33" Obst="1"/>
		<Item Pos_x="3080" Pos_y="100" Size_x="48" Size_y="351" Obst="1"/>
		<Item Pos_x="3046" Pos_y="82" Size_x="33" Size_y="90" Obst="1"/>
		<Item Pos_x="2975" Pos_y="54" Size_x="71" Size_y="82" Obst="1"/>
		<Item Pos_x="2530" Pos_y="38" Size_x="445" Size_y="76" Obst="1"/>
		<Item Pos_x="2482" Pos_y="30" Size_x="47" Size_y="64" Obst="1"/>
		<Item Pos_x="2416" Size_x="66" Size_y="59" Obst="1"/>
		<Item Pos_x="2362" Size_x="53" Size_y="29" Obst="1"/>
		<Item Pos_x="520" Pos_y="367" Size_x="80" Size_y="20" Obst="2"/>
		<Item Pos_x="800" Pos_y="328" Size_x="80" Size_y="20" Obst="2"/>
		<Item Pos_x="1040" Pos_y="290" Size_x="80" Size_y="20" Obst="2"/>
		<Item Pos_x="1280" Pos_y="290" Size_x="80" Size_y="20" Obst="2"/>
		<Item Pos_x="2673" Pos_y="373" Size_x="88" Size_y="71" Obst="4"/>
		<Item Pos_x="2562" Pos_y="373" Size_x="111" Size_y="60" Obst="1"/>
	</Obst>
	<Trap>
		<Item Pos_x="-41" Pos_y="188" Size_x="47" Size_y="140" Id="1" Map="水脉复活01" MapPos_x="800" MapPos_y="360"/>
		<Item Pos_x="2080" Pos_y="-26" Size_x="280" Size_y="28" Id="2" Map="水脉通道03" MapPos_x="2080" MapPos_y="600"/>
	</Trap>
	<Char>
		<Item Pos_x="662" Pos_y="454" Size_x="40" Size_y="29" Id="1" Char="绿青蛙" Left="1"/>
		<Item Pos_x="1230" Pos_y="454" Size_x="40" Size_y="29" Id="2" Char="绿青蛙" Left="1"/>
		<Item Pos_x="1905" Pos_y="222" Size_x="40" Size_y="29" Id="3" Char="绿青蛙" Left="1"/>
		<Item Pos_x="2992" Pos_y="377" Size_x="40" Size_y="29" Id="4" Char="绿青蛙" Left="1"/>
	</Char>
</Map>
